SUMMARY:
	ROM0: 25828 bytes used / 6940 free

ROM0 bank #0:
	EMPTY: $0000-$003f ($0040 bytes)
	SECTION: $0040-$0040 ($0001 byte) ["vblank_interrupt"]
	EMPTY: $0041-$00ff ($00bf bytes)
	SECTION: $0100-$014f ($0050 bytes) ["header"]
	         $0100 = entrypoint
	SECTION: $0150-$39fc ($38ad bytes) ["enemy"]
	         $0150 = update_enemies_data
	         $0164 = update_enemies_data.less_than_x_u1
	         $016f = update_enemies_data.end_update_distance_x_u1
	         $017f = update_enemies_data.less_than_y_u2
	         $018a = update_enemies_data.end_update_distance_y_u2
	         $01a9 = update_enemies_data.move_right_u4
	         $01b1 = update_enemies_data.check_diagonal_u4
	         $01bb = update_enemies_data.move_y_u3
	         $01cf = update_enemies_data.move_down_u5
	         $01d7 = update_enemies_data.end_u3
	         $01d7 = update_enemies_data.end_u5
	         $020b = update_enemies_data.count_down_u6
	         $021a = update_enemies_data.no_tl_collide_u7
	         $024c = update_enemies_data.count_down_u8
	         $025b = update_enemies_data.no_tr_collide_u9
	         $028d = update_enemies_data.count_down_u10
	         $029c = update_enemies_data.no_rt_collide_u11
	         $02d0 = update_enemies_data.count_down_u12
	         $02df = update_enemies_data.no_rb_collide_u13
	         $0313 = update_enemies_data.count_down_u14
	         $0322 = update_enemies_data.no_br_collide_u15
	         $0354 = update_enemies_data.count_down_u16
	         $0363 = update_enemies_data.no_bl_collide_u17
	         $0395 = update_enemies_data.count_down_u18
	         $03a4 = update_enemies_data.no_lb_collide_u19
	         $03d4 = update_enemies_data.count_down_u20
	         $03e3 = update_enemies_data.no_lt_collide_u21
	         $03f0 = update_enemies_data.less_than_a_u22
	         $03f4 = update_enemies_data.end_u22
	         $0406 = update_enemies_data.less_than_a_u24
	         $040a = update_enemies_data.end_u24
	         $0433 = update_enemies_data.no_right_collision_u25
	         $0457 = update_enemies_data.no_right_collision_u26
	         $047b = update_enemies_data.no_collision_u23
	         $047b = update_enemies_data.no_right_collision_u27
	         $04af = update_enemies_data.count_down_u28
	         $04be = update_enemies_data.no_tl_collide_u29
	         $04f0 = update_enemies_data.count_down_u30
	         $04ff = update_enemies_data.no_tr_collide_u31
	         $0531 = update_enemies_data.count_down_u32
	         $0540 = update_enemies_data.no_rt_collide_u33
	         $0574 = update_enemies_data.count_down_u34
	         $0583 = update_enemies_data.no_rb_collide_u35
	         $05b7 = update_enemies_data.count_down_u36
	         $05c6 = update_enemies_data.no_br_collide_u37
	         $05f8 = update_enemies_data.count_down_u38
	         $0607 = update_enemies_data.no_bl_collide_u39
	         $0639 = update_enemies_data.count_down_u40
	         $0648 = update_enemies_data.no_lb_collide_u41
	         $0678 = update_enemies_data.count_down_u42
	         $0687 = update_enemies_data.no_lt_collide_u43
	         $0694 = update_enemies_data.less_than_a_u44
	         $0698 = update_enemies_data.end_u44
	         $06aa = update_enemies_data.less_than_a_u46
	         $06ae = update_enemies_data.end_u46
	         $06d7 = update_enemies_data.no_right_collision_u47
	         $06fb = update_enemies_data.no_right_collision_u48
	         $071f = update_enemies_data.no_collision_u45
	         $071f = update_enemies_data.no_right_collision_u49
	         $0753 = update_enemies_data.count_down_u50
	         $0762 = update_enemies_data.no_tl_collide_u51
	         $0794 = update_enemies_data.count_down_u52
	         $07a3 = update_enemies_data.no_tr_collide_u53
	         $07d5 = update_enemies_data.count_down_u54
	         $07e4 = update_enemies_data.no_rt_collide_u55
	         $0818 = update_enemies_data.count_down_u56
	         $0827 = update_enemies_data.no_rb_collide_u57
	         $085b = update_enemies_data.count_down_u58
	         $086a = update_enemies_data.no_br_collide_u59
	         $089c = update_enemies_data.count_down_u60
	         $08ab = update_enemies_data.no_bl_collide_u61
	         $08dd = update_enemies_data.count_down_u62
	         $08ec = update_enemies_data.no_lb_collide_u63
	         $091c = update_enemies_data.count_down_u64
	         $092b = update_enemies_data.no_lt_collide_u65
	         $0938 = update_enemies_data.less_than_a_u66
	         $093c = update_enemies_data.end_u66
	         $094e = update_enemies_data.less_than_a_u68
	         $0952 = update_enemies_data.end_u68
	         $097b = update_enemies_data.no_right_collision_u69
	         $099f = update_enemies_data.no_right_collision_u70
	         $09c3 = update_enemies_data.no_collision_u67
	         $09c3 = update_enemies_data.no_right_collision_u71
	         $09f5 = update_enemies_data.colliding_Y_u72
	         $0a0d = update_enemies_data.change_default_to_right_u73
	         $0a18 = update_enemies_data.defaulting_right_u73
	         $0a28 = update_enemies_data.change_default_to_left_u73
	         $0a33 = update_enemies_data.set_intended_movement_u73
	         $0a43 = update_enemies_data.set_move_right_u73
	         $0a48 = update_enemies_data.done_u73
	         $0a4b = update_enemies_data.no_colliding_Y_u72
	         $0a61 = update_enemies_data.enemy_right_char_u74
	         $0a69 = update_enemies_data.done_u74
	         $0a98 = update_enemies_data.colliding_X_u72
	         $0ab0 = update_enemies_data.change_default_to_up_u75
	         $0abb = update_enemies_data.defaulting_up_u75
	         $0acb = update_enemies_data.change_default_to_down_u75
	         $0ad6 = update_enemies_data.set_intended_movement_u75
	         $0ae6 = update_enemies_data.set_move_up_u75
	         $0aeb = update_enemies_data.done_u75
	         $0aee = update_enemies_data.no_colliding_X_u72
	         $0b04 = update_enemies_data.enemy_below_char_u76
	         $0b0c = update_enemies_data.done_u76
	         $0b0f = update_enemies_data.no_change_u72
	         $0b25 = update_enemies_data.enemy_below_char_u77
	         $0b2d = update_enemies_data.done_u77
	         $0b43 = update_enemies_data.enemy_right_char_u78
	         $0b4b = update_enemies_data.done_u72
	         $0b4b = update_enemies_data.done_u78
	         $0b69 = update_enemies_data.not_left_move_u80
	         $0b78 = update_enemies_data.not_right_move_u80
	         $0b87 = update_enemies_data.not_up_move_u81
	         $0b96 = update_enemies_data.end_movement_u79
	         $0b96 = update_enemies_data.end_movement_u81
	         $0ba7 = update_enemies_data.moving_y_u82
	         $0ba9 = update_enemies_data.not_moving_y_u82
	         $0bcc = update_enemies_data.not_down_anim_u83
	         $0be5 = update_enemies_data.not_up_anim_u83
	         $0bfe = update_enemies_data.not_left_anim_u83
	         $0c17 = update_enemies_data.set_enemy_animation_u83
	         $0c1c = update_enemies_data.no_enemy_update_animation_u83
	         $0c38 = update_enemies_data.less_than_x_u84
	         $0c43 = update_enemies_data.end_update_distance_x_u84
	         $0c53 = update_enemies_data.less_than_y_u85
	         $0c5e = update_enemies_data.end_update_distance_y_u85
	         $0c7d = update_enemies_data.move_right_u87
	         $0c85 = update_enemies_data.check_diagonal_u87
	         $0c8f = update_enemies_data.move_y_u86
	         $0ca3 = update_enemies_data.move_down_u88
	         $0cab = update_enemies_data.end_u86
	         $0cab = update_enemies_data.end_u88
	         $0cdf = update_enemies_data.count_down_u89
	         $0cee = update_enemies_data.no_tl_collide_u90
	         $0d20 = update_enemies_data.count_down_u91
	         $0d2f = update_enemies_data.no_tr_collide_u92
	         $0d61 = update_enemies_data.count_down_u93
	         $0d70 = update_enemies_data.no_rt_collide_u94
	         $0da4 = update_enemies_data.count_down_u95
	         $0db3 = update_enemies_data.no_rb_collide_u96
	         $0de7 = update_enemies_data.count_down_u97
	         $0df6 = update_enemies_data.no_br_collide_u98
	         $0e28 = update_enemies_data.count_down_u99
	         $0e37 = update_enemies_data.no_bl_collide_u100
	         $0e69 = update_enemies_data.count_down_u101
	         $0e78 = update_enemies_data.no_lb_collide_u102
	         $0ea8 = update_enemies_data.count_down_u103
	         $0eb7 = update_enemies_data.no_lt_collide_u104
	         $0ec4 = update_enemies_data.less_than_a_u105
	         $0ec8 = update_enemies_data.end_u105
	         $0eda = update_enemies_data.less_than_a_u107
	         $0ede = update_enemies_data.end_u107
	         $0f07 = update_enemies_data.no_right_collision_u108
	         $0f2b = update_enemies_data.no_right_collision_u109
	         $0f4f = update_enemies_data.no_collision_u106
	         $0f4f = update_enemies_data.no_right_collision_u110
	         $0f83 = update_enemies_data.count_down_u111
	         $0f92 = update_enemies_data.no_tl_collide_u112
	         $0fc4 = update_enemies_data.count_down_u113
	         $0fd3 = update_enemies_data.no_tr_collide_u114
	         $1005 = update_enemies_data.count_down_u115
	         $1014 = update_enemies_data.no_rt_collide_u116
	         $1048 = update_enemies_data.count_down_u117
	         $1057 = update_enemies_data.no_rb_collide_u118
	         $108b = update_enemies_data.count_down_u119
	         $109a = update_enemies_data.no_br_collide_u120
	         $10cc = update_enemies_data.count_down_u121
	         $10db = update_enemies_data.no_bl_collide_u122
	         $110d = update_enemies_data.count_down_u123
	         $111c = update_enemies_data.no_lb_collide_u124
	         $114c = update_enemies_data.count_down_u125
	         $115b = update_enemies_data.no_lt_collide_u126
	         $1168 = update_enemies_data.less_than_a_u127
	         $116c = update_enemies_data.end_u127
	         $117e = update_enemies_data.less_than_a_u129
	         $1182 = update_enemies_data.end_u129
	         $11ab = update_enemies_data.no_right_collision_u130
	         $11cf = update_enemies_data.no_right_collision_u131
	         $11f3 = update_enemies_data.no_collision_u128
	         $11f3 = update_enemies_data.no_right_collision_u132
	         $1227 = update_enemies_data.count_down_u133
	         $1236 = update_enemies_data.no_tl_collide_u134
	         $1268 = update_enemies_data.count_down_u135
	         $1277 = update_enemies_data.no_tr_collide_u136
	         $12a9 = update_enemies_data.count_down_u137
	         $12b8 = update_enemies_data.no_rt_collide_u138
	         $12ec = update_enemies_data.count_down_u139
	         $12fb = update_enemies_data.no_rb_collide_u140
	         $132f = update_enemies_data.count_down_u141
	         $133e = update_enemies_data.no_br_collide_u142
	         $1370 = update_enemies_data.count_down_u143
	         $137f = update_enemies_data.no_bl_collide_u144
	         $13b1 = update_enemies_data.count_down_u145
	         $13c0 = update_enemies_data.no_lb_collide_u146
	         $13f0 = update_enemies_data.count_down_u147
	         $13ff = update_enemies_data.no_lt_collide_u148
	         $140c = update_enemies_data.less_than_a_u149
	         $1410 = update_enemies_data.end_u149
	         $1422 = update_enemies_data.less_than_a_u151
	         $1426 = update_enemies_data.end_u151
	         $144f = update_enemies_data.no_right_collision_u152
	         $1473 = update_enemies_data.no_right_collision_u153
	         $1497 = update_enemies_data.no_collision_u150
	         $1497 = update_enemies_data.no_right_collision_u154
	         $14c9 = update_enemies_data.colliding_Y_u155
	         $14e1 = update_enemies_data.change_default_to_right_u156
	         $14ec = update_enemies_data.defaulting_right_u156
	         $14fc = update_enemies_data.change_default_to_left_u156
	         $1507 = update_enemies_data.set_intended_movement_u156
	         $1517 = update_enemies_data.set_move_right_u156
	         $151c = update_enemies_data.done_u156
	         $151f = update_enemies_data.no_colliding_Y_u155
	         $1535 = update_enemies_data.enemy_right_char_u157
	         $153d = update_enemies_data.done_u157
	         $156c = update_enemies_data.colliding_X_u155
	         $1584 = update_enemies_data.change_default_to_up_u158
	         $158f = update_enemies_data.defaulting_up_u158
	         $159f = update_enemies_data.change_default_to_down_u158
	         $15aa = update_enemies_data.set_intended_movement_u158
	         $15ba = update_enemies_data.set_move_up_u158
	         $15bf = update_enemies_data.done_u158
	         $15c2 = update_enemies_data.no_colliding_X_u155
	         $15d8 = update_enemies_data.enemy_below_char_u159
	         $15e0 = update_enemies_data.done_u159
	         $15e3 = update_enemies_data.no_change_u155
	         $15f9 = update_enemies_data.enemy_below_char_u160
	         $1601 = update_enemies_data.done_u160
	         $1617 = update_enemies_data.enemy_right_char_u161
	         $161f = update_enemies_data.done_u155
	         $161f = update_enemies_data.done_u161
	         $163d = update_enemies_data.not_left_move_u163
	         $164c = update_enemies_data.not_right_move_u163
	         $165b = update_enemies_data.not_up_move_u164
	         $166a = update_enemies_data.end_movement_u162
	         $166a = update_enemies_data.end_movement_u164
	         $167b = update_enemies_data.moving_y_u165
	         $167d = update_enemies_data.not_moving_y_u165
	         $16a0 = update_enemies_data.not_down_anim_u166
	         $16b9 = update_enemies_data.not_up_anim_u166
	         $16d2 = update_enemies_data.not_left_anim_u166
	         $16eb = update_enemies_data.set_enemy_animation_u166
	         $16f0 = update_enemies_data.no_update_enemy_2
	         $16f0 = update_enemies_data.no_enemy_update_animation_u166
	         $170c = update_enemies_data.less_than_x_u167
	         $1717 = update_enemies_data.end_update_distance_x_u167
	         $1727 = update_enemies_data.less_than_y_u168
	         $1732 = update_enemies_data.end_update_distance_y_u168
	         $1751 = update_enemies_data.move_right_u170
	         $1759 = update_enemies_data.check_diagonal_u170
	         $1763 = update_enemies_data.move_y_u169
	         $1777 = update_enemies_data.move_down_u171
	         $177f = update_enemies_data.end_u169
	         $177f = update_enemies_data.end_u171
	         $17b3 = update_enemies_data.count_down_u172
	         $17c2 = update_enemies_data.no_tl_collide_u173
	         $17f4 = update_enemies_data.count_down_u174
	         $1803 = update_enemies_data.no_tr_collide_u175
	         $1835 = update_enemies_data.count_down_u176
	         $1844 = update_enemies_data.no_rt_collide_u177
	         $1878 = update_enemies_data.count_down_u178
	         $1887 = update_enemies_data.no_rb_collide_u179
	         $18bb = update_enemies_data.count_down_u180
	         $18ca = update_enemies_data.no_br_collide_u181
	         $18fc = update_enemies_data.count_down_u182
	         $190b = update_enemies_data.no_bl_collide_u183
	         $193d = update_enemies_data.count_down_u184
	         $194c = update_enemies_data.no_lb_collide_u185
	         $197c = update_enemies_data.count_down_u186
	         $198b = update_enemies_data.no_lt_collide_u187
	         $1998 = update_enemies_data.less_than_a_u188
	         $199c = update_enemies_data.end_u188
	         $19ae = update_enemies_data.less_than_a_u190
	         $19b2 = update_enemies_data.end_u190
	         $19db = update_enemies_data.no_right_collision_u191
	         $19ff = update_enemies_data.no_right_collision_u192
	         $1a23 = update_enemies_data.no_collision_u189
	         $1a23 = update_enemies_data.no_right_collision_u193
	         $1a57 = update_enemies_data.count_down_u194
	         $1a66 = update_enemies_data.no_tl_collide_u195
	         $1a98 = update_enemies_data.count_down_u196
	         $1aa7 = update_enemies_data.no_tr_collide_u197
	         $1ad9 = update_enemies_data.count_down_u198
	         $1ae8 = update_enemies_data.no_rt_collide_u199
	         $1b1c = update_enemies_data.count_down_u200
	         $1b2b = update_enemies_data.no_rb_collide_u201
	         $1b5f = update_enemies_data.count_down_u202
	         $1b6e = update_enemies_data.no_br_collide_u203
	         $1ba0 = update_enemies_data.count_down_u204
	         $1baf = update_enemies_data.no_bl_collide_u205
	         $1be1 = update_enemies_data.count_down_u206
	         $1bf0 = update_enemies_data.no_lb_collide_u207
	         $1c20 = update_enemies_data.count_down_u208
	         $1c2f = update_enemies_data.no_lt_collide_u209
	         $1c3c = update_enemies_data.less_than_a_u210
	         $1c40 = update_enemies_data.end_u210
	         $1c52 = update_enemies_data.less_than_a_u212
	         $1c56 = update_enemies_data.end_u212
	         $1c7f = update_enemies_data.no_right_collision_u213
	         $1ca3 = update_enemies_data.no_right_collision_u214
	         $1cc7 = update_enemies_data.no_collision_u211
	         $1cc7 = update_enemies_data.no_right_collision_u215
	         $1cfb = update_enemies_data.count_down_u216
	         $1d0a = update_enemies_data.no_tl_collide_u217
	         $1d3c = update_enemies_data.count_down_u218
	         $1d4b = update_enemies_data.no_tr_collide_u219
	         $1d7d = update_enemies_data.count_down_u220
	         $1d8c = update_enemies_data.no_rt_collide_u221
	         $1dc0 = update_enemies_data.count_down_u222
	         $1dcf = update_enemies_data.no_rb_collide_u223
	         $1e03 = update_enemies_data.count_down_u224
	         $1e12 = update_enemies_data.no_br_collide_u225
	         $1e44 = update_enemies_data.count_down_u226
	         $1e53 = update_enemies_data.no_bl_collide_u227
	         $1e85 = update_enemies_data.count_down_u228
	         $1e94 = update_enemies_data.no_lb_collide_u229
	         $1ec4 = update_enemies_data.count_down_u230
	         $1ed3 = update_enemies_data.no_lt_collide_u231
	         $1ee0 = update_enemies_data.less_than_a_u232
	         $1ee4 = update_enemies_data.end_u232
	         $1ef6 = update_enemies_data.less_than_a_u234
	         $1efa = update_enemies_data.end_u234
	         $1f23 = update_enemies_data.no_right_collision_u235
	         $1f47 = update_enemies_data.no_right_collision_u236
	         $1f6b = update_enemies_data.no_collision_u233
	         $1f6b = update_enemies_data.no_right_collision_u237
	         $1f9d = update_enemies_data.colliding_Y_u238
	         $1fb5 = update_enemies_data.change_default_to_right_u239
	         $1fc0 = update_enemies_data.defaulting_right_u239
	         $1fd0 = update_enemies_data.change_default_to_left_u239
	         $1fdb = update_enemies_data.set_intended_movement_u239
	         $1feb = update_enemies_data.set_move_right_u239
	         $1ff0 = update_enemies_data.done_u239
	         $1ff3 = update_enemies_data.no_colliding_Y_u238
	         $2009 = update_enemies_data.enemy_right_char_u240
	         $2011 = update_enemies_data.done_u240
	         $2040 = update_enemies_data.colliding_X_u238
	         $2058 = update_enemies_data.change_default_to_up_u241
	         $2063 = update_enemies_data.defaulting_up_u241
	         $2073 = update_enemies_data.change_default_to_down_u241
	         $207e = update_enemies_data.set_intended_movement_u241
	         $208e = update_enemies_data.set_move_up_u241
	         $2093 = update_enemies_data.done_u241
	         $2096 = update_enemies_data.no_colliding_X_u238
	         $20ac = update_enemies_data.enemy_below_char_u242
	         $20b4 = update_enemies_data.done_u242
	         $20b7 = update_enemies_data.no_change_u238
	         $20cd = update_enemies_data.enemy_below_char_u243
	         $20d5 = update_enemies_data.done_u243
	         $20eb = update_enemies_data.enemy_right_char_u244
	         $20f3 = update_enemies_data.done_u238
	         $20f3 = update_enemies_data.done_u244
	         $2111 = update_enemies_data.not_left_move_u246
	         $2120 = update_enemies_data.not_right_move_u246
	         $212f = update_enemies_data.not_up_move_u247
	         $213e = update_enemies_data.end_movement_u245
	         $213e = update_enemies_data.end_movement_u247
	         $214f = update_enemies_data.moving_y_u248
	         $2151 = update_enemies_data.not_moving_y_u248
	         $2174 = update_enemies_data.not_down_anim_u249
	         $218d = update_enemies_data.not_up_anim_u249
	         $21a6 = update_enemies_data.not_left_anim_u249
	         $21bf = update_enemies_data.set_enemy_animation_u249
	         $21c4 = update_enemies_data.no_enemy_update_animation_u249
	         $21d8 = update_enemies_data.less_than_x_u250
	         $21e3 = update_enemies_data.end_update_distance_x_u250
	         $21f3 = update_enemies_data.less_than_y_u251
	         $21fe = update_enemies_data.end_update_distance_y_u251
	         $221d = update_enemies_data.move_right_u253
	         $2225 = update_enemies_data.check_diagonal_u253
	         $222f = update_enemies_data.move_y_u252
	         $2243 = update_enemies_data.move_down_u254
	         $224b = update_enemies_data.end_u252
	         $224b = update_enemies_data.end_u254
	         $227f = update_enemies_data.count_down_u255
	         $228e = update_enemies_data.no_tl_collide_u256
	         $22c0 = update_enemies_data.count_down_u257
	         $22cf = update_enemies_data.no_tr_collide_u258
	         $2301 = update_enemies_data.count_down_u259
	         $2310 = update_enemies_data.no_rt_collide_u260
	         $2344 = update_enemies_data.count_down_u261
	         $2353 = update_enemies_data.no_rb_collide_u262
	         $2387 = update_enemies_data.count_down_u263
	         $2396 = update_enemies_data.no_br_collide_u264
	         $23c8 = update_enemies_data.count_down_u265
	         $23d7 = update_enemies_data.no_bl_collide_u266
	         $2409 = update_enemies_data.count_down_u267
	         $2418 = update_enemies_data.no_lb_collide_u268
	         $2448 = update_enemies_data.count_down_u269
	         $2457 = update_enemies_data.no_lt_collide_u270
	         $2464 = update_enemies_data.less_than_a_u271
	         $2468 = update_enemies_data.end_u271
	         $247a = update_enemies_data.less_than_a_u273
	         $247e = update_enemies_data.end_u273
	         $24a7 = update_enemies_data.no_right_collision_u274
	         $24cb = update_enemies_data.no_right_collision_u275
	         $24ef = update_enemies_data.no_collision_u272
	         $24ef = update_enemies_data.no_right_collision_u276
	         $2523 = update_enemies_data.count_down_u277
	         $2532 = update_enemies_data.no_tl_collide_u278
	         $2564 = update_enemies_data.count_down_u279
	         $2573 = update_enemies_data.no_tr_collide_u280
	         $25a5 = update_enemies_data.count_down_u281
	         $25b4 = update_enemies_data.no_rt_collide_u282
	         $25e8 = update_enemies_data.count_down_u283
	         $25f7 = update_enemies_data.no_rb_collide_u284
	         $262b = update_enemies_data.count_down_u285
	         $263a = update_enemies_data.no_br_collide_u286
	         $266c = update_enemies_data.count_down_u287
	         $267b = update_enemies_data.no_bl_collide_u288
	         $26ad = update_enemies_data.count_down_u289
	         $26bc = update_enemies_data.no_lb_collide_u290
	         $26ec = update_enemies_data.count_down_u291
	         $26fb = update_enemies_data.no_lt_collide_u292
	         $2708 = update_enemies_data.less_than_a_u293
	         $270c = update_enemies_data.end_u293
	         $271e = update_enemies_data.less_than_a_u295
	         $2722 = update_enemies_data.end_u295
	         $274b = update_enemies_data.no_right_collision_u296
	         $276f = update_enemies_data.no_right_collision_u297
	         $2793 = update_enemies_data.no_collision_u294
	         $2793 = update_enemies_data.no_right_collision_u298
	         $27c7 = update_enemies_data.count_down_u299
	         $27d6 = update_enemies_data.no_tl_collide_u300
	         $2808 = update_enemies_data.count_down_u301
	         $2817 = update_enemies_data.no_tr_collide_u302
	         $2849 = update_enemies_data.count_down_u303
	         $2858 = update_enemies_data.no_rt_collide_u304
	         $288c = update_enemies_data.count_down_u305
	         $289b = update_enemies_data.no_rb_collide_u306
	         $28cf = update_enemies_data.count_down_u307
	         $28de = update_enemies_data.no_br_collide_u308
	         $2910 = update_enemies_data.count_down_u309
	         $291f = update_enemies_data.no_bl_collide_u310
	         $2951 = update_enemies_data.count_down_u311
	         $2960 = update_enemies_data.no_lb_collide_u312
	         $2990 = update_enemies_data.count_down_u313
	         $299f = update_enemies_data.no_lt_collide_u314
	         $29ac = update_enemies_data.less_than_a_u315
	         $29b0 = update_enemies_data.end_u315
	         $29c2 = update_enemies_data.less_than_a_u317
	         $29c6 = update_enemies_data.end_u317
	         $29ef = update_enemies_data.no_right_collision_u318
	         $2a13 = update_enemies_data.no_right_collision_u319
	         $2a37 = update_enemies_data.no_collision_u316
	         $2a37 = update_enemies_data.no_right_collision_u320
	         $2a69 = update_enemies_data.colliding_Y_u321
	         $2a81 = update_enemies_data.change_default_to_right_u322
	         $2a8c = update_enemies_data.defaulting_right_u322
	         $2a9c = update_enemies_data.change_default_to_left_u322
	         $2aa7 = update_enemies_data.set_intended_movement_u322
	         $2ab7 = update_enemies_data.set_move_right_u322
	         $2abc = update_enemies_data.done_u322
	         $2abf = update_enemies_data.no_colliding_Y_u321
	         $2ad5 = update_enemies_data.enemy_right_char_u323
	         $2add = update_enemies_data.done_u323
	         $2b0c = update_enemies_data.colliding_X_u321
	         $2b24 = update_enemies_data.change_default_to_up_u324
	         $2b2f = update_enemies_data.defaulting_up_u324
	         $2b3f = update_enemies_data.change_default_to_down_u324
	         $2b4a = update_enemies_data.set_intended_movement_u324
	         $2b5a = update_enemies_data.set_move_up_u324
	         $2b5f = update_enemies_data.done_u324
	         $2b62 = update_enemies_data.no_colliding_X_u321
	         $2b78 = update_enemies_data.enemy_below_char_u325
	         $2b80 = update_enemies_data.done_u325
	         $2b83 = update_enemies_data.no_change_u321
	         $2b99 = update_enemies_data.enemy_below_char_u326
	         $2ba1 = update_enemies_data.done_u326
	         $2bb7 = update_enemies_data.enemy_right_char_u327
	         $2bbf = update_enemies_data.done_u321
	         $2bbf = update_enemies_data.done_u327
	         $2bdd = update_enemies_data.not_left_move_u329
	         $2bec = update_enemies_data.not_right_move_u329
	         $2bfb = update_enemies_data.not_up_move_u330
	         $2c0a = update_enemies_data.end_movement_u328
	         $2c0a = update_enemies_data.end_movement_u330
	         $2c1b = update_enemies_data.moving_y_u331
	         $2c1d = update_enemies_data.not_moving_y_u331
	         $2c40 = update_enemies_data.not_down_anim_u332
	         $2c59 = update_enemies_data.not_up_anim_u332
	         $2c72 = update_enemies_data.not_left_anim_u332
	         $2c8b = update_enemies_data.set_enemy_animation_u332
	         $2c90 = update_enemies_data.no_enemy_update_animation_u332
	         $2ca4 = update_enemies_data.less_than_x_u333
	         $2caf = update_enemies_data.end_update_distance_x_u333
	         $2cbf = update_enemies_data.less_than_y_u334
	         $2cca = update_enemies_data.end_update_distance_y_u334
	         $2ce9 = update_enemies_data.move_right_u336
	         $2cf1 = update_enemies_data.check_diagonal_u336
	         $2cfb = update_enemies_data.move_y_u335
	         $2d0f = update_enemies_data.move_down_u337
	         $2d17 = update_enemies_data.end_u335
	         $2d17 = update_enemies_data.end_u337
	         $2d4b = update_enemies_data.count_down_u338
	         $2d5a = update_enemies_data.no_tl_collide_u339
	         $2d8c = update_enemies_data.count_down_u340
	         $2d9b = update_enemies_data.no_tr_collide_u341
	         $2dcd = update_enemies_data.count_down_u342
	         $2ddc = update_enemies_data.no_rt_collide_u343
	         $2e10 = update_enemies_data.count_down_u344
	         $2e1f = update_enemies_data.no_rb_collide_u345
	         $2e53 = update_enemies_data.count_down_u346
	         $2e62 = update_enemies_data.no_br_collide_u347
	         $2e94 = update_enemies_data.count_down_u348
	         $2ea3 = update_enemies_data.no_bl_collide_u349
	         $2ed5 = update_enemies_data.count_down_u350
	         $2ee4 = update_enemies_data.no_lb_collide_u351
	         $2f14 = update_enemies_data.count_down_u352
	         $2f23 = update_enemies_data.no_lt_collide_u353
	         $2f30 = update_enemies_data.less_than_a_u354
	         $2f34 = update_enemies_data.end_u354
	         $2f46 = update_enemies_data.less_than_a_u356
	         $2f4a = update_enemies_data.end_u356
	         $2f73 = update_enemies_data.no_right_collision_u357
	         $2f97 = update_enemies_data.no_right_collision_u358
	         $2fbb = update_enemies_data.no_collision_u355
	         $2fbb = update_enemies_data.no_right_collision_u359
	         $2fef = update_enemies_data.count_down_u360
	         $2ffe = update_enemies_data.no_tl_collide_u361
	         $3030 = update_enemies_data.count_down_u362
	         $303f = update_enemies_data.no_tr_collide_u363
	         $3071 = update_enemies_data.count_down_u364
	         $3080 = update_enemies_data.no_rt_collide_u365
	         $30b4 = update_enemies_data.count_down_u366
	         $30c3 = update_enemies_data.no_rb_collide_u367
	         $30f7 = update_enemies_data.count_down_u368
	         $3106 = update_enemies_data.no_br_collide_u369
	         $3138 = update_enemies_data.count_down_u370
	         $3147 = update_enemies_data.no_bl_collide_u371
	         $3179 = update_enemies_data.count_down_u372
	         $3188 = update_enemies_data.no_lb_collide_u373
	         $31b8 = update_enemies_data.count_down_u374
	         $31c7 = update_enemies_data.no_lt_collide_u375
	         $31d4 = update_enemies_data.less_than_a_u376
	         $31d8 = update_enemies_data.end_u376
	         $31ea = update_enemies_data.less_than_a_u378
	         $31ee = update_enemies_data.end_u378
	         $3217 = update_enemies_data.no_right_collision_u379
	         $323b = update_enemies_data.no_right_collision_u380
	         $325f = update_enemies_data.no_collision_u377
	         $325f = update_enemies_data.no_right_collision_u381
	         $3293 = update_enemies_data.count_down_u382
	         $32a2 = update_enemies_data.no_tl_collide_u383
	         $32d4 = update_enemies_data.count_down_u384
	         $32e3 = update_enemies_data.no_tr_collide_u385
	         $3315 = update_enemies_data.count_down_u386
	         $3324 = update_enemies_data.no_rt_collide_u387
	         $3358 = update_enemies_data.count_down_u388
	         $3367 = update_enemies_data.no_rb_collide_u389
	         $339b = update_enemies_data.count_down_u390
	         $33aa = update_enemies_data.no_br_collide_u391
	         $33dc = update_enemies_data.count_down_u392
	         $33eb = update_enemies_data.no_bl_collide_u393
	         $341d = update_enemies_data.count_down_u394
	         $342c = update_enemies_data.no_lb_collide_u395
	         $345c = update_enemies_data.count_down_u396
	         $346b = update_enemies_data.no_lt_collide_u397
	         $3478 = update_enemies_data.less_than_a_u398
	         $347c = update_enemies_data.end_u398
	         $348e = update_enemies_data.less_than_a_u400
	         $3492 = update_enemies_data.end_u400
	         $34bb = update_enemies_data.no_right_collision_u401
	         $34df = update_enemies_data.no_right_collision_u402
	         $3503 = update_enemies_data.no_collision_u399
	         $3503 = update_enemies_data.no_right_collision_u403
	         $3535 = update_enemies_data.colliding_Y_u404
	         $354d = update_enemies_data.change_default_to_right_u405
	         $3558 = update_enemies_data.defaulting_right_u405
	         $3568 = update_enemies_data.change_default_to_left_u405
	         $3573 = update_enemies_data.set_intended_movement_u405
	         $3583 = update_enemies_data.set_move_right_u405
	         $3588 = update_enemies_data.done_u405
	         $358b = update_enemies_data.no_colliding_Y_u404
	         $35a1 = update_enemies_data.enemy_right_char_u406
	         $35a9 = update_enemies_data.done_u406
	         $35d8 = update_enemies_data.colliding_X_u404
	         $35f0 = update_enemies_data.change_default_to_up_u407
	         $35fb = update_enemies_data.defaulting_up_u407
	         $360b = update_enemies_data.change_default_to_down_u407
	         $3616 = update_enemies_data.set_intended_movement_u407
	         $3626 = update_enemies_data.set_move_up_u407
	         $362b = update_enemies_data.done_u407
	         $362e = update_enemies_data.no_colliding_X_u404
	         $3644 = update_enemies_data.enemy_below_char_u408
	         $364c = update_enemies_data.done_u408
	         $364f = update_enemies_data.no_change_u404
	         $3665 = update_enemies_data.enemy_below_char_u409
	         $366d = update_enemies_data.done_u409
	         $3683 = update_enemies_data.enemy_right_char_u410
	         $368b = update_enemies_data.done_u404
	         $368b = update_enemies_data.done_u410
	         $36a9 = update_enemies_data.not_left_move_u412
	         $36b8 = update_enemies_data.not_right_move_u412
	         $36c7 = update_enemies_data.not_up_move_u413
	         $36d6 = update_enemies_data.end_movement_u411
	         $36d6 = update_enemies_data.end_movement_u413
	         $36e7 = update_enemies_data.moving_y_u414
	         $36e9 = update_enemies_data.not_moving_y_u414
	         $370c = update_enemies_data.not_down_anim_u415
	         $3725 = update_enemies_data.not_up_anim_u415
	         $373e = update_enemies_data.not_left_anim_u415
	         $3757 = update_enemies_data.set_enemy_animation_u415
	         $375c = update_enemies_data.no_update_enemy_3
	         $375c = update_enemies_data.no_enemy_update_animation_u415
	         $375d = update_enemies_visuals
	         $378f = update_enemies_visuals.reset_u416
	         $37b4 = update_enemies_visuals.reset_right_anim_u416
	         $37be = update_enemies_visuals.end_animate_u416
	         $381a = update_enemies_visuals.reset_u417
	         $383f = update_enemies_visuals.reset_right_anim_u417
	         $3849 = update_enemies_visuals.end_animate_u417
	         $386b = update_enemies_visuals.no_update_enemy_2
	         $38a5 = update_enemies_visuals.reset_u418
	         $38ca = update_enemies_visuals.reset_right_anim_u418
	         $38d4 = update_enemies_visuals.end_animate_u418
	         $3928 = update_enemies_visuals.reset_u419
	         $394d = update_enemies_visuals.reset_right_anim_u419
	         $3957 = update_enemies_visuals.end_animate_u419
	         $39ab = update_enemies_visuals.reset_u420
	         $39d0 = update_enemies_visuals.reset_right_anim_u420
	         $39da = update_enemies_visuals.end_animate_u420
	         $39fc = update_enemies_visuals.no_update_enemy_3
	SECTION: $39fd-$3e56 ($045a bytes) ["character"]
	         $39fd = update_character_data
	         $3a31 = update_character_data.count_down_u1
	         $3a40 = update_character_data.no_tl_collide_u2
	         $3a72 = update_character_data.count_down_u3
	         $3a81 = update_character_data.no_tr_collide_u4
	         $3ab3 = update_character_data.count_down_u5
	         $3ac2 = update_character_data.no_rt_collide_u6
	         $3af6 = update_character_data.count_down_u7
	         $3b05 = update_character_data.no_rb_collide_u8
	         $3b39 = update_character_data.count_down_u9
	         $3b48 = update_character_data.no_br_collide_u10
	         $3b7a = update_character_data.count_down_u11
	         $3b89 = update_character_data.no_bl_collide_u12
	         $3bbb = update_character_data.count_down_u13
	         $3bca = update_character_data.no_lb_collide_u14
	         $3bfa = update_character_data.count_down_u15
	         $3c09 = update_character_data.no_lt_collide_u16
	         $3c2d = update_character_data.cant_sprint
	         $3c31 = update_character_data.walk
	         $3c5c = update_character_data.end_sprint
	         $3c6c = update_character_data.sprint_ani
	         $3c71 = update_character_data.end_update_sprint_animation
	         $3c9f = update_character_data.not_down_move
	         $3cbe = update_character_data.not_up_move
	         $3cdd = update_character_data.not_left_move
	         $3cfc = update_character_data.end_movement
	         $3cfc = update_character_data.not_right_move
	         $3d1c = update_character_data.moving_y
	         $3d1e = update_character_data.not_moving_y
	         $3d2a = update_character_data.down_anim
	         $3d3c = update_character_data.not_down_anim
	         $3d43 = update_character_data.up_anim
	         $3d55 = update_character_data.not_up_anim
	         $3d5c = update_character_data.left_anim
	         $3d6e = update_character_data.not_left_anim
	         $3d75 = update_character_data.right_anim
	         $3d87 = update_character_data.not_right_anim
	         $3d9d = update_character_data.not_down_idle
	         $3db3 = update_character_data.not_up_idle
	         $3dbe = update_character_data.side_idle
	         $3dcd = update_character_data.anim_set
	         $3dcd = update_character_data.not_side_idle
	         $3dd2 = update_character_data.no_animation_update
	         $3dd3 = update_character_visuals
	         $3e27 = update_character_visuals.reset
	         $3e4c = update_character_visuals.reset_right_anim
	         $3e56 = update_character_visuals.end_animate
	SECTION: $3e57-$4207 ($03b1 bytes) ["game"]
	         $3e57 = init_game
	         $3e5f = init_game.init_oam_u1
	         $3f56 = init_game.no_init_enemy_2
	         $409f = init_game.no_init_enemy_3
	         $4156 = update_game.wait_vblank_u2
	         $4156 = update_game
	         $41e9 = update_game.next_lvl
	         $41ee = update_game.display_timer
	         $41fe = update_game.done_updating_timer
	SECTION: $4208-$43d0 ($01c9 bytes) ["main"]
	         $4208 = main
	         $420d = main.main_title
	         $420d = main.wait_vblank_u1
	         $421b = main.title_screen_u2
	         $426e = main.wait_vblank_u3
	         $426e = main.lvl_1
	         $427c = main.lvl_1_loop_u4
	         $4296 = main.wait_vblank_u5
	         $4296 = main.lvl_2_title
	         $42a4 = main.lvl_2_title_screen_u6
	         $42f7 = main.lvl_2
	         $42fb = main.lvl_2_loop_u7
	         $4315 = main.wait_vblank_u8
	         $4315 = main.lvl_3_title
	         $4323 = main.lvl_3_title_screen_u9
	         $4376 = main.lvl_3
	         $437a = main.lvl_3_loop_u10
	         $438c = main.char_death_anim
	         $438d = main.char_death_anim_u11
	         $43a9 = main.to_pal1_u11
	         $43b3 = main.skip_u11
	         $43ba = main.wait_u11
	SECTION: $43d1-$4562 ($0192 bytes) ["graphics"]
	         $43d1 = print_text
	         $43d8 = print_text.write_text_loop
	         $43e3 = print_text.over
	         $43e8 = update_window
	         $43e8 = update_window.check_window_moves
	         $4409 = update_window.no_move_screen_right
	         $441f = update_window.no_move_screen_left
	         $4435 = update_window.no_move_screen_up
	         $444b = update_window.no_move_screen
	         $444c = init_title_screen
	         $4457 = init_title_screen.load_tile_u1
	         $446a = init_title_screen.clear_enemy_wram_u2
	         $4475 = init_title_screen.clear_enemy_wram_u3
	         $4480 = init_title_screen.clear_enemy_wram_u4
	         $448b = init_title_screen.clear_enemy_wram_u5
	         $44a6 = init_title_screen.load_byte_u6
	         $44d9 = init_title_screen.not_lvl_2
	         $4504 = init_title_screen.not_lvl_3
	         $4505 = LEVEL_3_STRING_1
	         $4516 = LEVEL_3_STRING_2
	         $4521 = LEVEL_2_STRING_1
	         $4532 = LEVEL_2_STRING_2
	         $453d = CLEAR_STRING
	         $4550 = LOSS_STRING
	EMPTY: $4563-$5f7e ($1a1c bytes)
	SECTION: $5f7f-$5ffe ($0080 bytes) ["collision_map"]
	EMPTY: $5fff-$5fff ($0001 byte)
	SECTION: $6000-$7fff ($2000 bytes) ["graphics_data"]
	TOTAL EMPTY: $1b1c bytes
