SUMMARY:
	ROM0: 11615 bytes used / 21153 free

ROM0 bank #0:
	EMPTY: $0000-$003f ($0040 bytes)
	SECTION: $0040-$0040 ($0001 byte) ["vblank_interrupt"]
	EMPTY: $0041-$00ff ($00bf bytes)
	SECTION: $0100-$014f ($0050 bytes) ["header"]
	         $0100 = entrypoint
	SECTION: $0150-$05a9 ($045a bytes) ["character"]
	         $0150 = update_character_data
	         $0184 = update_character_data.count_down_u1
	         $0193 = update_character_data.no_tl_collide_u2
	         $01c5 = update_character_data.count_down_u3
	         $01d4 = update_character_data.no_tr_collide_u4
	         $0206 = update_character_data.count_down_u5
	         $0215 = update_character_data.no_rt_collide_u6
	         $0249 = update_character_data.count_down_u7
	         $0258 = update_character_data.no_rb_collide_u8
	         $028c = update_character_data.count_down_u9
	         $029b = update_character_data.no_br_collide_u10
	         $02cd = update_character_data.count_down_u11
	         $02dc = update_character_data.no_bl_collide_u12
	         $030e = update_character_data.count_down_u13
	         $031d = update_character_data.no_lb_collide_u14
	         $034d = update_character_data.count_down_u15
	         $035c = update_character_data.no_lt_collide_u16
	         $0380 = update_character_data.cant_sprint
	         $0384 = update_character_data.walk
	         $03af = update_character_data.end_sprint
	         $03bf = update_character_data.sprint_ani
	         $03c4 = update_character_data.end_update_sprint_animation
	         $03f2 = update_character_data.not_down_move
	         $0411 = update_character_data.not_up_move
	         $0430 = update_character_data.not_left_move
	         $044f = update_character_data.end_movement
	         $044f = update_character_data.not_right_move
	         $046f = update_character_data.moving_y
	         $0471 = update_character_data.not_moving_y
	         $047d = update_character_data.down_anim
	         $048f = update_character_data.not_down_anim
	         $0496 = update_character_data.up_anim
	         $04a8 = update_character_data.not_up_anim
	         $04af = update_character_data.left_anim
	         $04c1 = update_character_data.not_left_anim
	         $04c8 = update_character_data.right_anim
	         $04da = update_character_data.not_right_anim
	         $04f0 = update_character_data.not_down_idle
	         $0506 = update_character_data.not_up_idle
	         $0511 = update_character_data.side_idle
	         $0520 = update_character_data.anim_set
	         $0520 = update_character_data.not_side_idle
	         $0525 = update_character_data.no_animation_update
	         $0526 = update_character_visuals
	         $057a = update_character_visuals.reset
	         $059f = update_character_visuals.reset_right_anim
	         $05a9 = update_character_visuals.end_animate
	SECTION: $05aa-$0971 ($03c8 bytes) ["enemy"]
	         $05aa = update_enemies_data
	         $05be = update_enemies_data.less_than_x_u1
	         $05c9 = update_enemies_data.end_update_distance_x_u1
	         $05d9 = update_enemies_data.less_than_y_u2
	         $05e4 = update_enemies_data.end_update_distance_y_u2
	         $0603 = update_enemies_data.move_right_u4
	         $060b = update_enemies_data.check_diagonal_u4
	         $0615 = update_enemies_data.move_y_u3
	         $0629 = update_enemies_data.move_down_u5
	         $0631 = update_enemies_data.end_u3
	         $0631 = update_enemies_data.end_u5
	         $064f = update_enemies_data.not_left_move_u7
	         $065e = update_enemies_data.not_right_move_u7
	         $066d = update_enemies_data.not_up_move_u8
	         $067c = update_enemies_data.end_movement_u6
	         $067c = update_enemies_data.end_movement_u8
	         $068d = update_enemies_data.moving_y_u9
	         $068f = update_enemies_data.not_moving_y_u9
	         $06b2 = update_enemies_data.not_down_anim_u10
	         $06cb = update_enemies_data.not_up_anim_u10
	         $06e4 = update_enemies_data.not_left_anim_u10
	         $06fd = update_enemies_data.set_enemy_animation_u10
	         $0702 = update_enemies_data.no_enemy_update_animation_u10
	         $071e = update_enemies_data.less_than_x_u11
	         $0729 = update_enemies_data.end_update_distance_x_u11
	         $0739 = update_enemies_data.less_than_y_u12
	         $0744 = update_enemies_data.end_update_distance_y_u12
	         $0763 = update_enemies_data.move_right_u14
	         $076b = update_enemies_data.check_diagonal_u14
	         $0775 = update_enemies_data.move_y_u13
	         $0789 = update_enemies_data.move_down_u15
	         $0791 = update_enemies_data.end_u13
	         $0791 = update_enemies_data.end_u15
	         $07af = update_enemies_data.not_left_move_u17
	         $07be = update_enemies_data.not_right_move_u17
	         $07cd = update_enemies_data.not_up_move_u18
	         $07dc = update_enemies_data.end_movement_u16
	         $07dc = update_enemies_data.end_movement_u18
	         $07ed = update_enemies_data.moving_y_u19
	         $07ef = update_enemies_data.not_moving_y_u19
	         $0812 = update_enemies_data.not_down_anim_u20
	         $082b = update_enemies_data.not_up_anim_u20
	         $0844 = update_enemies_data.not_left_anim_u20
	         $085d = update_enemies_data.set_enemy_animation_u20
	         $0862 = update_enemies_data.no_update_enemy_2
	         $0862 = update_enemies_data.no_enemy_update_animation_u20
	         $0863 = update_enemies_visuals
	         $0895 = update_enemies_visuals.reset_u21
	         $08ba = update_enemies_visuals.reset_right_anim_u21
	         $08c4 = update_enemies_visuals.end_animate_u21
	         $0920 = update_enemies_visuals.reset_u22
	         $0945 = update_enemies_visuals.reset_right_anim_u22
	         $094f = update_enemies_visuals.end_animate_u22
	         $0971 = update_enemies_visuals.no_update_enemy_2
	SECTION: $0972-$0bc6 ($0255 bytes) ["game"]
	         $0972 = init_game
	         $097a = init_game.init_oam_u1
	         $0a6c = init_game.no_init_enemy_2
	         $0b19 = update_game.wait_vblank_u2
	         $0b19 = update_game
	         $0ba8 = update_game.next_lvl
	         $0bad = update_game.display_timer
	         $0bbd = update_game.done_updating_timer
	SECTION: $0bc7-$0ce5 ($011f bytes) ["graphics"]
	         $0bc7 = print_text
	         $0bce = print_text.write_text_loop
	         $0bd9 = print_text.over
	         $0bde = update_window
	         $0bde = update_window.check_window_moves
	         $0bff = update_window.no_move_screen_right
	         $0c15 = update_window.no_move_screen_left
	         $0c2b = update_window.no_move_screen_up
	         $0c41 = update_window.no_move_screen
	         $0c42 = init_title_screen
	         $0c4d = init_title_screen.load_tile_u1
	         $0c70 = init_title_screen.load_byte_u2
	         $0ca3 = init_title_screen.not_lvl_2
	         $0ca4 = LEVEL_2_STRING_1
	         $0cb5 = LEVEL_2_STRING_2
	         $0cc0 = CLEAR_STRING
	         $0cd3 = LOSS_STRING
	SECTION: $0ce6-$0ddd ($00f8 bytes) ["main"]
	         $0ce6 = main
	         $0ceb = main.main_title
	         $0ceb = main.wait_vblank_u1
	         $0cf9 = main.title_screen
	         $0d4c = main.lvl_1
	         $0d4c = main.wait_vblank_u2
	         $0d5a = main.lvl_1_loop
	         $0d6c = main.wait_vblank_u3
	         $0d6c = main.lvl_2_title
	         $0d7a = main.lvl_2_title_screen
	         $0dcd = main.lvl_2
	         $0dd1 = main.lvl_2_loop
	EMPTY: $0dde-$5f7e ($51a1 bytes)
	SECTION: $5f7f-$5ffe ($0080 bytes) ["collision_map"]
	EMPTY: $5fff-$5fff ($0001 byte)
	SECTION: $6000-$7fff ($2000 bytes) ["graphics_data"]
	TOTAL EMPTY: $52a1 bytes
